### NEXT RUN
### It should be feat/a:second

PREFIX
IN_BETWEEN
feat/a:second
END

